﻿
> fighters-os@1.0.0 build
> vite build

[36mvite v5.4.21 [32mbuilding for production...[36m[39m
transforming...
[32mÔ£ô[39m 3 modules transformed.

PWA v0.20.5
mode      generateSW
precache  1 entries (0.00 KiB)
files generated
  dist/sw.js
  dist/workbox-66610c77.js
node.exe : warnings
At line:1 char:1
+ & "C:\Program Files\nodejs/node.exe" "C:\Program 
Files\nodejs/node_mo ...
+ 
~~~~~~~~~~~~~~~~~~~~~~~~~~~~~~~~~~~~~~~~~~~~~~~~~~~~~~~~~~~~~~~~~~~~~
    + CategoryInfo          : NotSpecified: (warnings:String) [], Re  
  moteException
    + FullyQualifiedErrorId : NativeCommandError
 
  One of the glob patterns doesn't match any files. Please remove or 
fix the following: {
  "globDirectory": 
"C:\\Users\\jmfg9\\Documents\\Fitness\\Fight-Camp\\app\\dist",
  "globPattern": "**/*.{js,css,html,ico,png,svg,csv}",
  "globIgnores": [
    "**/node_modules/**/*",
    "sw.js",
    "workbox-*.js"
  ]
}

[31mx[39m Build failed in 3.35s
[31merror during build:
[31m[vite-plugin-pwa:build] There was an error during the build:
  [plugin vite:build-import-analysis] src/db/index.js (103:79): 
Failed to parse source for import analysis because the content 
contains invalid JS syntax. If you are using JSX, make sure to name 
the file with the .jsx or .tsx extension.
Additionally, handling the error in the 'buildEnd' hook caused the 
following error:
  [plugin vite:build-import-analysis] src/db/index.js (103:79): 
Failed to parse source for import analysis because the content 
contains invalid JS syntax. If you are using JSX, make sure to name 
the file with the .jsx or .tsx extension.[31m
file: [36mC:/Users/jmfg9/Documents/Fitness/Fight-Camp/app/src/db/inde
x.js:103:79[31m
[33m
101:             <div className="app" style={{ justifyContent: 
'center', alignItems: 'center', minHeight: '100vh' }}>
102:                 <div style={{ textAlign: 'center', color: 
'var(--dim)' }}>
103:                     <div style={{ fontSize: '2rem', 
marginBottom: 8 }}>ÔÜö´©Å</div>
                                                                      
              ^
104:                     <div>Loading Fighter's OSÔÇª</div>
105:                 </div>
[31m
    at getRollupError (file:///C:/Users/jmfg9/Documents/Fitness/Fight-
Camp/app/node_modules/rollup/dist/es/shared/parseAst.js:402:41)
    at file:///C:/Users/jmfg9/Documents/Fitness/Fight-Camp/app/node_mo
dules/rollup/dist/es/shared/node-entry.js:23467:39
    at async catchUnfinishedHookActions (file:///C:/Users/jmfg9/Docume
nts/Fitness/Fight-Camp/app/node_modules/rollup/dist/es/shared/node-ent
ry.js:22925:16)
    at async rollupInternal (file:///C:/Users/jmfg9/Documents/Fitness/
Fight-Camp/app/node_modules/rollup/dist/es/shared/node-entry.js:23450:
5)
    at async build (file:///C:/Users/jmfg9/Documents/Fitness/Fight-Cam
p/app/node_modules/vite/dist/node/chunks/dep-BK3b2jBa.js:65709:14)
    at async CAC.<anonymous> (file:///C:/Users/jmfg9/Documents/Fitness
/Fight-Camp/app/node_modules/vite/dist/node/cli.js:829:5)[39m
